Component: ARM Compiler 5.06 (build 20) Tool: armlink [4d35a3]

==============================================================================

Section Cross References

    startup_lpc11xx.o(RESET) refers to startup_lpc11xx.o(STACK) for __initial_sp
    startup_lpc11xx.o(RESET) refers to startup_lpc11xx.o(.text) for Reset_Handler
    startup_lpc11xx.o(RESET) refers to timer16.o(i.TIMER16_0_IRQHandler) for TIMER16_0_IRQHandler
    startup_lpc11xx.o(RESET) refers to timer16.o(i.TIMER16_1_IRQHandler) for TIMER16_1_IRQHandler
    startup_lpc11xx.o(RESET) refers to timer32.o(i.TIMER32_0_IRQHandler) for TIMER32_0_IRQHandler
    startup_lpc11xx.o(RESET) refers to timer32.o(i.TIMER32_1_IRQHandler) for TIMER32_1_IRQHandler
    startup_lpc11xx.o(RESET) refers to uart.o(i.UART_IRQHandler) for UART_IRQHandler
    startup_lpc11xx.o(.text) refers to system_lpc11xx.o(i.SystemInit) for SystemInit
    startup_lpc11xx.o(.text) refers to entry.o(.ARM.Collect$$$$00000000) for __main
    gpio.o(i.DrvGPIO_ClrBit) refers to gpio.o(i.GPIOSetValue) for GPIOSetValue
    gpio.o(i.DrvGPIO_GetBit) refers to gpio.o(i.GPIOGetValue) for GPIOGetValue
    gpio.o(i.DrvGPIO_Open) refers to gpio.o(i.GPIOGetValue) for GPIOGetValue
    gpio.o(i.DrvGPIO_Open) refers to gpio.o(i.GPIOSetValue) for GPIOSetValue
    gpio.o(i.DrvGPIO_Open) refers to gpio.o(i.GPIOSetDir) for GPIOSetDir
    gpio.o(i.DrvGPIO_Open) refers to gpio.o(.constdata) for LPC_GPIO
    gpio.o(i.DrvGPIO_SetBit) refers to gpio.o(i.GPIOSetValue) for GPIOSetValue
    gpio.o(i.GPIOGetValue) refers to gpio.o(.constdata) for LPC_GPIO
    gpio.o(i.GPIOInit) refers to gpio.o(i.GPIOSetDir) for GPIOSetDir
    gpio.o(i.GPIOInit) refers to gpio.o(i.GPIOSetValue) for GPIOSetValue
    gpio.o(i.GPIOSetDir) refers to gpio.o(.constdata) for LPC_GPIO
    gpio.o(i.GPIOSetValue) refers to gpio.o(.constdata) for LPC_GPIO
    timer32.o(i.TIMER32_0_IRQHandler) refers to main.o(.data) for MagAMPBuff_Index
    timer32.o(i.TIMER32_0_IRQHandler) refers to timer32.o(.data) for timer32_0_counter
    timer32.o(i.TIMER32_1_IRQHandler) refers to main.o(.data) for timer32_1_cap_cnt
    timer32.o(i.TIMER32_1_IRQHandler) refers to main.o(.bss) for Cap_TC_Buff
    timer32.o(i.delay32Ms) refers to uidiv.o(.text) for __aeabi_uidivmod
    timer32.o(i.delay32Ms) refers to system_lpc11xx.o(.data) for SystemCoreClock
    timer32.o(i.init_timer32) refers to timer32.o(i.NVIC_EnableIRQ) for NVIC_EnableIRQ
    timer32.o(i.init_timer32) refers to timer32.o(.data) for timer32_0_counter
    timer32.o(i.init_timer32PWM) refers to timer32.o(i.disable_timer32) for disable_timer32
    timer32.o(i.init_timer32PWM) refers to timer32.o(.data) for timer32_1_period
    uart.o(i.BaudRateCalculator) refers to uidiv.o(.text) for __aeabi_uidivmod
    uart.o(i.BaudRateCalculator) refers to fflti.o(.text) for __aeabi_i2f
    uart.o(i.BaudRateCalculator) refers to fmul.o(.text) for __aeabi_fmul
    uart.o(i.BaudRateCalculator) refers to fdiv.o(.text) for __aeabi_fdiv
    uart.o(i.BaudRateCalculator) refers to f2d.o(.text) for __aeabi_f2d
    uart.o(i.BaudRateCalculator) refers to rint.o(i.rint) for rint
    uart.o(i.BaudRateCalculator) refers to dfixi.o(.text) for __aeabi_d2iz
    uart.o(i.BaudRateCalculator) refers to dflti.o(.text) for __aeabi_i2d
    uart.o(i.UARTInit) refers to uidiv.o(.text) for __aeabi_uidivmod
    uart.o(i.UARTInit) refers to uart.o(i.BaudRateCalculator) for BaudRateCalculator
    uart.o(i.UARTInit) refers to uart.o(.data) for UARTCount
    uart.o(i.UARTInit) refers to system_lpc11xx.o(.data) for SystemCoreClock
    uart.o(i.UARTSendSpecial) refers to uart.o(.data) for UARTTxEmpty
    uart.o(i.UART_IRQHandler) refers to uart.o(.data) for UARTStatus
    uart.o(i.UART_IRQHandler) refers to uart.o(.bss) for UARTBuffer
    wifi.o(i.IP_BCD2BIN) refers to dflti.o(.text) for __aeabi_i2d
    wifi.o(i.IP_BCD2BIN) refers to pow.o(i.pow) for pow
    wifi.o(i.IP_BCD2BIN) refers to dmul.o(.text) for __aeabi_dmul
    wifi.o(i.IP_BCD2BIN) refers to dfltui.o(.text) for __aeabi_ui2d
    wifi.o(i.IP_BCD2BIN) refers to dadd.o(.text) for __aeabi_dadd
    wifi.o(i.IP_BCD2BIN) refers to dfixui.o(.text) for __aeabi_d2uiz
    wifi.o(i.REGENA_OFF) refers to uart.o(i.UARTSend) for UARTSend
    wifi.o(i.REGENA_OFF) refers to timer16.o(i.delay16Ms) for delay16Ms
    wifi.o(i.REGENA_OFF) refers to uart.o(.data) for UARTCount
    wifi.o(i.REGENA_OFF) refers to wifi.o(.bss) for WiFi_TxBuf
    wifi.o(i.REGENA_OFF) refers to uart.o(.bss) for UARTBuffer
    wifi.o(i.SetCMDEcho) refers to uart.o(i.UARTSend) for UARTSend
    wifi.o(i.SetCMDEcho) refers to timer16.o(i.delay16Ms) for delay16Ms
    wifi.o(i.SetCMDEcho) refers to uart.o(.data) for UARTCount
    wifi.o(i.SetCMDEcho) refers to wifi.o(.bss) for WiFi_TxBuf
    wifi.o(i.SetCMDEcho) refers to uart.o(.bss) for UARTBuffer
    wifi.o(i.SetWiFiMode) refers to uart.o(i.UARTSend) for UARTSend
    wifi.o(i.SetWiFiMode) refers to timer16.o(i.delay16Ms) for delay16Ms
    wifi.o(i.SetWiFiMode) refers to uart.o(.data) for UARTCount
    wifi.o(i.SetWiFiMode) refers to wifi.o(.bss) for WiFi_TxBuf
    wifi.o(i.SetWiFiMode) refers to uart.o(.bss) for UARTBuffer
    wifi.o(i.SetWiFi_COMM) refers to uart.o(i.UARTSend) for UARTSend
    wifi.o(i.SetWiFi_COMM) refers to timer16.o(i.delay16Ms) for delay16Ms
    wifi.o(i.SetWiFi_COMM) refers to uart.o(.data) for UARTCount
    wifi.o(i.SetWiFi_COMM) refers to wifi.o(.bss) for WiFi_TxBuf
    wifi.o(i.SetWiFi_COMM) refers to uart.o(.bss) for UARTBuffer
    wifi.o(i.WiFiIPQuery) refers to uart.o(i.UARTSend) for UARTSend
    wifi.o(i.WiFiIPQuery) refers to timer16.o(i.delay16Ms) for delay16Ms
    wifi.o(i.WiFiIPQuery) refers to wifi.o(i.IP_BCD2BIN) for IP_BCD2BIN
    wifi.o(i.WiFiIPQuery) refers to uart.o(.data) for UARTCount
    wifi.o(i.WiFiIPQuery) refers to wifi.o(.bss) for WiFi_TxBuf
    wifi.o(i.WiFiIPQuery) refers to uart.o(.bss) for UARTBuffer
    wifi.o(i.WiFiIPQuery) refers to wifi.o(.data) for WiFi_IP
    wifi.o(i.WiFiMACQuery) refers to uart.o(i.UARTSend) for UARTSend
    wifi.o(i.WiFiMACQuery) refers to timer16.o(i.delay16Ms) for delay16Ms
    wifi.o(i.WiFiMACQuery) refers to uart.o(.data) for UARTCount
    wifi.o(i.WiFiMACQuery) refers to wifi.o(.bss) for WiFi_TxBuf
    wifi.o(i.WiFiMACQuery) refers to uart.o(.bss) for UARTBuffer
    wifi.o(i.WiFiReset_HW) refers to gpio.o(i.GPIOSetValue) for GPIOSetValue
    wifi.o(i.WiFiReset_HW) refers to timer16.o(i.delay16Ms) for delay16Ms
    wifi.o(i.WiFiReset_SW) refers to uart.o(i.UARTSend) for UARTSend
    wifi.o(i.WiFiReset_SW) refers to timer16.o(i.delay16Ms) for delay16Ms
    wifi.o(i.WiFiReset_SW) refers to uart.o(.data) for UARTCount
    wifi.o(i.WiFiReset_SW) refers to wifi.o(.bss) for WiFi_TxBuf
    wifi.o(i.WiFiReset_SW) refers to uart.o(.bss) for UARTBuffer
    wifi.o(i.WiFiWModeQuery) refers to uart.o(i.UARTSend) for UARTSend
    wifi.o(i.WiFiWModeQuery) refers to timer16.o(i.delay16Ms) for delay16Ms
    wifi.o(i.WiFiWModeQuery) refers to uart.o(.data) for UARTCount
    wifi.o(i.WiFiWModeQuery) refers to wifi.o(.bss) for WiFi_TxBuf
    wifi.o(i.WiFiWModeQuery) refers to uart.o(.bss) for UARTBuffer
    wifi.o(i.WiFi_LinkQuery) refers to gpio.o(i.GPIOGetValue) for GPIOGetValue
    main.o(i._Z10BlueLED_Onv) refers to gpio.o(i.GPIOSetValue) for GPIOSetValue
    main.o(i._Z10RedLED_Offv) refers to gpio.o(i.GPIOSetValue) for GPIOSetValue
    main.o(i._Z11BlueLED_Offv) refers to gpio.o(i.GPIOSetValue) for GPIOSetValue
    main.o(i._Z11GreenLED_Onv) refers to gpio.o(i.GPIOSetValue) for GPIOSetValue
    main.o(i._Z12GreenLED_Offv) refers to gpio.o(i.GPIOSetValue) for GPIOSetValue
    main.o(i._Z12TransmitSendPhi) refers to main.o(i._Z13TransmitCrc16Phi) for TransmitCrc16(unsigned char*, int)
    main.o(i._Z12TransmitSendPhi) refers to uart.o(i.UARTSend) for UARTSend
    main.o(i._Z13TransmitCrc16Phi) refers to main.o(.constdata) for crc_table
    main.o(i._Z15enable_watchdogt) refers to uidiv.o(.text) for __aeabi_uidivmod
    main.o(i._Z15enable_watchdogt) refers to system_lpc11xx.o(.data) for SystemCoreClock
    main.o(i._Z17GetGreenLedStatusv) refers to gpio.o(i.GPIOGetValue) for GPIOGetValue
    main.o(i._Z9RedLED_Onv) refers to gpio.o(i.GPIOSetValue) for GPIOSetValue
    main.o(i.__sti___8_Main_cpp_72bbdd2e) refers to main.o(.data) for SizeofMagAMPBuff
    main.o(i.main) refers to system_lpc11xx.o(i.SystemCoreClockUpdate) for SystemCoreClockUpdate
    main.o(i.main) refers to gpio.o(i.GPIOInit) for GPIOInit
    main.o(i.main) refers to uart.o(i.UARTInit) for UARTInit
    main.o(i.main) refers to timer32.o(i.init_timer32) for init_timer32
    main.o(i.main) refers to uidiv.o(.text) for __aeabi_uidivmod
    main.o(i.main) refers to dfltui.o(.text) for __aeabi_ui2d
    main.o(i.main) refers to dmul.o(.text) for __aeabi_dmul
    main.o(i.main) refers to dfixui.o(.text) for __aeabi_d2uiz
    main.o(i.main) refers to timer16.o(i.init_timer16) for init_timer16
    main.o(i.main) refers to timer16.o(i.enable_timer16) for enable_timer16
    main.o(i.main) refers to wifi.o(i.WiFiReset_HW) for WiFiReset_HW
    main.o(i.main) refers to gpio.o(i.GPIOGetValue) for GPIOGetValue
    main.o(i.main) refers to wifi.o(i.SetWiFi_COMM) for SetWiFi_COMM
    main.o(i.main) refers to wifi.o(i.SetCMDEcho) for SetCMDEcho
    main.o(i.main) refers to main.o(i._Z7OnErrors) for OnError(short)
    main.o(i.main) refers to wifi.o(i.WiFiWModeQuery) for WiFiWModeQuery
    main.o(i.main) refers to wifi.o(i.SetWiFiMode) for SetWiFiMode
    main.o(i.main) refers to main.o(i._Z11BlueLED_Offv) for BlueLED_Off()
    main.o(i.main) refers to timer16.o(i.delay16Ms) for delay16Ms
    main.o(i.main) refers to main.o(i._Z10BlueLED_Onv) for BlueLED_On()
    main.o(i.main) refers to timer32.o(i.enable_timer32) for enable_timer32
    main.o(i.main) refers to ffltui.o(.text) for __aeabi_ui2f
    main.o(i.main) refers to fdiv.o(.text) for __aeabi_fdiv
    main.o(i.main) refers to fmul.o(.text) for __aeabi_fmul
    main.o(i.main) refers to fadd.o(.text) for __aeabi_fadd
    main.o(i.main) refers to cfcmple.o(.text) for __aeabi_cfcmple
    main.o(i.main) refers to main.o(i._Z12TransmitSendPhi) for TransmitSend(unsigned char*, int)
    main.o(i.main) refers to system_lpc11xx.o(.data) for SystemCoreClock
    main.o(i.main) refers to main.o(.data) for IndicatorBufIndex
    main.o(i.main) refers to timer32.o(.data) for timer32_0_counter
    main.o(i.main) refers to main.o(.bss) for Cap_TC_Buff
    main.o(i.main) refers to main.o(.constdata) for sin50t_32
    main.o(i.main) refers to wifi.o(.bss) for WiFi_TxBuf
    main.o(.ARM.exidx) refers to main.o(i._Z11GreenLED_Onv) for i._Z11GreenLED_Onv
    main.o(.ARM.exidx) refers to main.o(i._Z12GreenLED_Offv) for i._Z12GreenLED_Offv
    main.o(.ARM.exidx) refers to main.o(i._Z17GetGreenLedStatusv) for i._Z17GetGreenLedStatusv
    main.o(.ARM.exidx) refers to main.o(i._Z9RedLED_Onv) for i._Z9RedLED_Onv
    main.o(.ARM.exidx) refers to main.o(i._Z10RedLED_Offv) for i._Z10RedLED_Offv
    main.o(.ARM.exidx) refers to main.o(i._Z10BlueLED_Onv) for i._Z10BlueLED_Onv
    main.o(.ARM.exidx) refers to main.o(i._Z11BlueLED_Offv) for i._Z11BlueLED_Offv
    main.o(.ARM.exidx) refers to main.o(i._Z15enable_watchdogt) for i._Z15enable_watchdogt
    main.o(.ARM.exidx) refers to main.o(i._Z13TransmitCrc16Phi) for i._Z13TransmitCrc16Phi
    main.o(.ARM.exidx) refers to main.o(i._Z12TransmitSendPhi) for i._Z12TransmitSendPhi
    main.o(.ARM.exidx) refers to main.o(i._Z7feedwdtv) for i._Z7feedwdtv
    main.o(.ARM.exidx) refers to main.o(i._Z7OnErrors) for i._Z7OnErrors
    main.o(.ARM.exidx) refers to main.o(i.main) for i.main
    main.o(.ARM.exidx) refers to main.o(i.__sti___8_Main_cpp_72bbdd2e) for i.__sti___8_Main_cpp_72bbdd2e
    main.o(.init_array) refers to main.o(i.__sti___8_Main_cpp_72bbdd2e) for __sti___8_Main_cpp_72bbdd2e
    main.o(.init_array) refers to cpp_init.o(.text) for __cpp_initialize__aeabi_
    system_lpc11xx.o(i.SystemCoreClockUpdate) refers to system_lpc11xx.o(i.__ARM_common_switch8) for __ARM_common_switch8
    system_lpc11xx.o(i.SystemCoreClockUpdate) refers to uidiv.o(.text) for __aeabi_uidivmod
    system_lpc11xx.o(i.SystemCoreClockUpdate) refers to system_lpc11xx.o(.data) for SystemCoreClock
    timer16.o(i.delay16Ms) refers to uidiv.o(.text) for __aeabi_uidivmod
    timer16.o(i.delay16Ms) refers to system_lpc11xx.o(.data) for SystemCoreClock
    timer16.o(i.init_timer16) refers to timer16.o(i.reset_timer16) for reset_timer16
    timer16.o(i.init_timer16) refers to timer16.o(.data) for timer16_0_counter
    timer16.o(i.init_timer16PWM) refers to timer16.o(i.disable_timer16) for disable_timer16
    timer16.o(i.init_timer16PWM) refers to timer16.o(.data) for timer16_1_period
    pow.o(i.__softfp_pow) refers (Special) to iusefp.o(.text) for __I$use$fp
    pow.o(i.__softfp_pow) refers to pow.o(i.pow) for pow
    pow.o(i.pow) refers (Special) to iusefp.o(.text) for __I$use$fp
    pow.o(i.pow) refers to dunder.o(i.__mathlib_dbl_infnan2) for __mathlib_dbl_infnan2
    pow.o(i.pow) refers to errno.o(i.__set_errno) for __set_errno
    pow.o(i.pow) refers to dunder.o(i.__mathlib_dbl_divzero) for __mathlib_dbl_divzero
    pow.o(i.pow) refers to ddiv.o(.text) for __aeabi_ddiv
    pow.o(i.pow) refers to sqrt.o(i.sqrt) for sqrt
    pow.o(i.pow) refers to dflti.o(.text) for __aeabi_i2d
    pow.o(i.pow) refers to dunder.o(i.__mathlib_dbl_invalid) for __mathlib_dbl_invalid
    pow.o(i.pow) refers to dunder.o(i.__mathlib_dbl_overflow) for __mathlib_dbl_overflow
    pow.o(i.pow) refers to dmul.o(.text) for __aeabi_dmul
    pow.o(i.pow) refers to dunder.o(i.__mathlib_dbl_underflow) for __mathlib_dbl_underflow
    pow.o(i.pow) refers to dadd.o(.text) for __aeabi_dsub
    pow.o(i.pow) refers to dscalb.o(.text) for __ARM_scalbn
    pow.o(i.pow) refers to qnan.o(.constdata) for __mathlib_zero
    pow.o(i.pow) refers to poly.o(i.__kernel_poly) for __kernel_poly
    pow.o(i.pow) refers to cdrcmple.o(.text) for __aeabi_cdrcmple
    pow.o(i.pow) refers to pow.o(.constdata) for .constdata
    pow.o(i.pow) refers to fpclassify.o(i.__ARM_fpclassify) for __ARM_fpclassify
    pow.o(.constdata) refers (Special) to iusefp.o(.text) for __I$use$fp
    pow_x.o(i.____softfp_pow$lsc) refers (Special) to iusefp.o(.text) for __I$use$fp
    pow_x.o(i.____softfp_pow$lsc) refers to pow_x.o(i.__pow$lsc) for __pow$lsc
    pow_x.o(i.__pow$lsc) refers (Special) to iusefp.o(.text) for __I$use$fp
    pow_x.o(i.__pow$lsc) refers to dunder.o(i.__mathlib_dbl_infnan2) for __mathlib_dbl_infnan2
    pow_x.o(i.__pow$lsc) refers to errno.o(i.__set_errno) for __set_errno
    pow_x.o(i.__pow$lsc) refers to ddiv.o(.text) for __aeabi_ddiv
    pow_x.o(i.__pow$lsc) refers to sqrt.o(i.sqrt) for sqrt
    pow_x.o(i.__pow$lsc) refers to dflti.o(.text) for __aeabi_i2d
    pow_x.o(i.__pow$lsc) refers to dmul.o(.text) for __aeabi_dmul
    pow_x.o(i.__pow$lsc) refers to dadd.o(.text) for __aeabi_dsub
    pow_x.o(i.__pow$lsc) refers to dscalb.o(.text) for __ARM_scalbn
    pow_x.o(i.__pow$lsc) refers to qnan.o(.constdata) for __mathlib_zero
    pow_x.o(i.__pow$lsc) refers to poly.o(i.__kernel_poly) for __kernel_poly
    pow_x.o(i.__pow$lsc) refers to cdrcmple.o(.text) for __aeabi_cdrcmple
    pow_x.o(i.__pow$lsc) refers to pow_x.o(.constdata) for .constdata
    pow_x.o(.constdata) refers (Special) to iusefp.o(.text) for __I$use$fp
    rint.o(i.rint) refers (Special) to iusefp.o(.text) for __I$use$fp
    rint.o(i.rint) refers to drnd.o(.text) for _drnd
    entry.o(.ARM.Collect$$$$00000000) refers (Special) to entry10a.o(.ARM.Collect$$$$0000000D) for __rt_final_cpp
    entry.o(.ARM.Collect$$$$00000000) refers (Special) to entry11a.o(.ARM.Collect$$$$0000000F) for __rt_final_exit
    entry.o(.ARM.Collect$$$$00000000) refers (Special) to entry7b.o(.ARM.Collect$$$$00000008) for _main_clock
    entry.o(.ARM.Collect$$$$00000000) refers (Special) to entry8b.o(.ARM.Collect$$$$0000000A) for _main_cpp_init
    entry.o(.ARM.Collect$$$$00000000) refers (Special) to entry9a.o(.ARM.Collect$$$$0000000B) for _main_init
    entry.o(.ARM.Collect$$$$00000000) refers (Special) to entry5.o(.ARM.Collect$$$$00000004) for _main_scatterload
    entry.o(.ARM.Collect$$$$00000000) refers (Special) to entry2.o(.ARM.Collect$$$$00000001) for _main_stk
    cpp_init.o(.emb_text) refers (Special) to entry8a.o(.ARM.Collect$$$$00000009) for _main_cpp_init$empty
    cpp_init.o(.init_array) refers (Special) to entry8a.o(.ARM.Collect$$$$00000009) for _main_cpp_init$empty
    cpp_init.o(.init_array) refers to cpp_init.o(.text) for __cpp_initialize__aeabi_
    cpp_init.o(.dummy_text) refers (Special) to entry8a.o(.ARM.Collect$$$$00000009) for _main_cpp_init$empty
    cpp_init.o(.text) refers (Special) to entry8a.o(.ARM.Collect$$$$00000009) for _main_cpp_init$empty
    fadd.o(.text) refers (Special) to iusefp.o(.text) for __I$use$fp
    fadd.o(.text) refers to fepilogue.o(.text) for _float_epilogue
    fmul.o(.text) refers (Special) to iusefp.o(.text) for __I$use$fp
    fdiv.o(.text) refers (Special) to iusefp.o(.text) for __I$use$fp
    fdiv.o(.text) refers to fepilogue.o(.text) for _float_round
    dadd.o(.text) refers (Special) to iusefp.o(.text) for __I$use$fp
    dadd.o(.text) refers to llshl.o(.text) for __aeabi_llsl
    dadd.o(.text) refers to llsshr.o(.text) for __aeabi_lasr
    dadd.o(.text) refers to depilogue.o(.text) for _double_epilogue
    dmul.o(.text) refers (Special) to iusefp.o(.text) for __I$use$fp
    dmul.o(.text) refers to depilogue.o(.text) for _double_epilogue
    fflti.o(.text) refers (Special) to iusefp.o(.text) for __I$use$fp
    fflti.o(.text) refers to fepilogue.o(.text) for _float_epilogue
    ffltui.o(.text) refers (Special) to iusefp.o(.text) for __I$use$fp
    ffltui.o(.text) refers to fepilogue.o(.text) for _float_epilogue
    dflti.o(.text) refers (Special) to iusefp.o(.text) for __I$use$fp
    dflti.o(.text) refers to depilogue.o(.text) for _double_epilogue
    dfltui.o(.text) refers (Special) to iusefp.o(.text) for __I$use$fp
    dfltui.o(.text) refers to depilogue.o(.text) for _double_epilogue
    dfixi.o(.text) refers (Special) to iusefp.o(.text) for __I$use$fp
    dfixi.o(.text) refers to llushr.o(.text) for __aeabi_llsr
    dfixui.o(.text) refers (Special) to iusefp.o(.text) for __I$use$fp
    dfixui.o(.text) refers to llushr.o(.text) for __aeabi_llsr
    f2d.o(.text) refers (Special) to iusefp.o(.text) for __I$use$fp
    cfcmple.o(.text) refers (Special) to iusefp.o(.text) for __I$use$fp
    dunder.o(i.__mathlib_dbl_divzero) refers to ddiv.o(.text) for __aeabi_ddiv
    dunder.o(i.__mathlib_dbl_infnan) refers to dscalb.o(.text) for __ARM_scalbn
    dunder.o(i.__mathlib_dbl_infnan2) refers to dadd.o(.text) for __aeabi_dadd
    dunder.o(i.__mathlib_dbl_invalid) refers to ddiv.o(.text) for __aeabi_ddiv
    dunder.o(i.__mathlib_dbl_overflow) refers to dscalb.o(.text) for __ARM_scalbn
    dunder.o(i.__mathlib_dbl_posinfnan) refers to dmul.o(.text) for __aeabi_dmul
    dunder.o(i.__mathlib_dbl_underflow) refers to dscalb.o(.text) for __ARM_scalbn
    fpclassify.o(i.__ARM_fpclassify) refers (Special) to iusefp.o(.text) for __I$use$fp
    poly.o(i.__kernel_poly) refers (Special) to iusefp.o(.text) for __I$use$fp
    poly.o(i.__kernel_poly) refers to dmul.o(.text) for __aeabi_dmul
    poly.o(i.__kernel_poly) refers to dadd.o(.text) for __aeabi_dadd
    qnan.o(.constdata) refers (Special) to iusefp.o(.text) for __I$use$fp
    sqrt.o(i.__softfp_sqrt) refers (Special) to iusefp.o(.text) for __I$use$fp
    sqrt.o(i.__softfp_sqrt) refers to dsqrt.o(.text) for _dsqrt
    sqrt.o(i.__softfp_sqrt) refers to errno.o(i.__set_errno) for __set_errno
    sqrt.o(i.sqrt) refers (Special) to iusefp.o(.text) for __I$use$fp
    sqrt.o(i.sqrt) refers to dsqrt.o(.text) for _dsqrt
    sqrt.o(i.sqrt) refers to errno.o(i.__set_errno) for __set_errno
    sqrt_x.o(i.____softfp_sqrt$lsc) refers (Special) to iusefp.o(.text) for __I$use$fp
    sqrt_x.o(i.____softfp_sqrt$lsc) refers to cdcmple.o(.text) for __aeabi_cdcmple
    sqrt_x.o(i.____softfp_sqrt$lsc) refers to errno.o(i.__set_errno) for __set_errno
    sqrt_x.o(i.____softfp_sqrt$lsc) refers to dsqrt.o(.text) for _dsqrt
    sqrt_x.o(i.__sqrt$lsc) refers (Special) to iusefp.o(.text) for __I$use$fp
    sqrt_x.o(i.__sqrt$lsc) refers to cdcmple.o(.text) for __aeabi_cdcmple
    sqrt_x.o(i.__sqrt$lsc) refers to errno.o(i.__set_errno) for __set_errno
    sqrt_x.o(i.__sqrt$lsc) refers to dsqrt.o(.text) for _dsqrt
    entry2.o(.ARM.Collect$$$$00000001) refers to entry2.o(.ARM.Collect$$$$00002712) for __lit__00000000
    entry2.o(.ARM.Collect$$$$00002712) refers to startup_lpc11xx.o(STACK) for __initial_sp
    entry2.o(__vectab_stack_and_reset_area) refers to startup_lpc11xx.o(STACK) for __initial_sp
    entry2.o(__vectab_stack_and_reset_area) refers to entry.o(.ARM.Collect$$$$00000000) for __main
    entry5.o(.ARM.Collect$$$$00000004) refers to init.o(.text) for __scatterload
    entry8a.o(.ARM.Collect$$$$00000009) refers (Weak) to cpp_init.o(.text) for __cpp_initialize__aeabi_
    entry9a.o(.ARM.Collect$$$$0000000B) refers to main.o(i.main) for main
    entry9b.o(.ARM.Collect$$$$0000000C) refers to main.o(i.main) for main
    errno.o(i.__aeabi_errno_addr) refers to errno.o(.data) for .data
    errno.o(i.__read_errno) refers to errno.o(.data) for .data
    errno.o(i.__set_errno) refers to errno.o(.data) for .data
    depilogue.o(.text) refers to depilogue.o(i.__ARM_clz) for __ARM_clz
    depilogue.o(.text) refers to llshl.o(.text) for __aeabi_llsl
    depilogue.o(.text) refers to llushr.o(.text) for __aeabi_llsr
    ddiv.o(.text) refers to depilogue.o(.text) for _double_round
    drnd.o(.text) refers to llshl.o(.text) for __aeabi_llsl
    drnd.o(.text) refers to llushr.o(.text) for __aeabi_llsr
    drnd.o(.text) refers to depilogue.o(.text) for _double_round
    init.o(.text) refers to entry5.o(.ARM.Collect$$$$00000004) for __main_after_scatterload
    dsqrt.o(.text) refers to llushr.o(.text) for __aeabi_llsr
    dsqrt.o(.text) refers to depilogue.o(.text) for _double_round


==============================================================================

Removing Unused input sections from the image.

    Removing startup_lpc11xx.o(HEAP), (0 bytes).
    Removing gpio.o(.rev16_text), (4 bytes).
    Removing gpio.o(.revsh_text), (4 bytes).
    Removing gpio.o(i.DrvGPIO_ClrBit), (18 bytes).
    Removing gpio.o(i.DrvGPIO_GetBit), (16 bytes).
    Removing gpio.o(i.DrvGPIO_Open), (84 bytes).
    Removing gpio.o(i.DrvGPIO_SetBit), (18 bytes).
    Removing gpio.o(i.GPIOIntClear), (104 bytes).
    Removing gpio.o(i.GPIOIntDisable), (104 bytes).
    Removing gpio.o(i.GPIOIntEnable), (104 bytes).
    Removing gpio.o(i.GPIOIntStatus), (120 bytes).
    Removing gpio.o(i.GPIOSetInterrupt), (464 bytes).
    Removing gpio.o(.data), (32 bytes).
    Removing timer32.o(.rev16_text), (4 bytes).
    Removing timer32.o(.revsh_text), (4 bytes).
    Removing timer32.o(i.delay32Ms), (140 bytes).
    Removing timer32.o(i.disable_timer32), (28 bytes).
    Removing timer32.o(i.init_timer32PWM), (420 bytes).
    Removing timer32.o(i.reset_timer32), (44 bytes).
    Removing timer32.o(i.restart_timer32), (52 bytes).
    Removing timer32.o(i.setMatch_timer32PWM), (108 bytes).
    Removing timer32.o(.constdata), (16 bytes).
    Removing uart.o(.rev16_text), (4 bytes).
    Removing uart.o(.revsh_text), (4 bytes).
    Removing uart.o(i.UARTSendSpecial), (188 bytes).
    Removing wifi.o(.rev16_text), (4 bytes).
    Removing wifi.o(.revsh_text), (4 bytes).
    Removing wifi.o(i.ByteASIC2Bin), (142 bytes).
    Removing wifi.o(i.ByteBin2ASIC), (124 bytes).
    Removing wifi.o(i.IP_BCD2BIN), (352 bytes).
    Removing wifi.o(i.REGENA_OFF), (140 bytes).
    Removing wifi.o(i.WiFiIPQuery), (124 bytes).
    Removing wifi.o(i.WiFiMACQuery), (152 bytes).
    Removing wifi.o(i.WiFiReset_SW), (120 bytes).
    Removing wifi.o(i.WiFi_LinkQuery), (22 bytes).
    Removing wifi.o(.constdata), (16 bytes).
    Removing wifi.o(.data), (4 bytes).
    Removing main.o(.rev16_text), (4 bytes).
    Removing main.o(.revsh_text), (4 bytes).
    Removing main.o(i._Z10RedLED_Offv), (14 bytes).
    Removing main.o(i._Z11GreenLED_Onv), (14 bytes).
    Removing main.o(i._Z12GreenLED_Offv), (14 bytes).
    Removing main.o(i._Z15enable_watchdogt), (96 bytes).
    Removing main.o(i._Z17GetGreenLedStatusv), (32 bytes).
    Removing main.o(i._Z7feedwdtv), (16 bytes).
    Removing main.o(i._Z9RedLED_Onv), (14 bytes).
    Removing main.o(.ARM.exidx), (8 bytes).
    Removing main.o(.ARM.exidx), (8 bytes).
    Removing main.o(.ARM.exidx), (8 bytes).
    Removing main.o(.ARM.exidx), (8 bytes).
    Removing main.o(.ARM.exidx), (8 bytes).
    Removing main.o(.ARM.exidx), (8 bytes).
    Removing main.o(.ARM.exidx), (8 bytes).
    Removing main.o(.ARM.exidx), (8 bytes).
    Removing main.o(.ARM.exidx), (8 bytes).
    Removing main.o(.ARM.exidx), (8 bytes).
    Removing main.o(.ARM.exidx), (8 bytes).
    Removing main.o(.ARM.exidx), (8 bytes).
    Removing main.o(.ARM.exidx), (8 bytes).
    Removing main.o(.ARM.exidx), (8 bytes).
    Removing system_lpc11xx.o(.rev16_text), (4 bytes).
    Removing system_lpc11xx.o(.revsh_text), (4 bytes).
    Removing system_lpc11xx.o(.emb_text), (8 bytes).
    Removing timer16.o(.rev16_text), (4 bytes).
    Removing timer16.o(.revsh_text), (4 bytes).
    Removing timer16.o(i.disable_timer16), (28 bytes).
    Removing timer16.o(i.init_timer16PWM), (420 bytes).
    Removing timer16.o(i.setMatch_timer16PWM), (108 bytes).
    Removing dadd.o(.text), (356 bytes).
    Removing ddiv.o(.text), (240 bytes).
    Removing dscalb.o(.text), (44 bytes).
    Removing cdrcmple.o(.text), (40 bytes).
    Removing dsqrt.o(.text), (162 bytes).
    Removing cdcmple.o(.text), (40 bytes).

74 unused section(s) (total 5070 bytes) removed from the image.

==============================================================================

Image Symbol Table

    Local Symbols

    Symbol Name                              Value     Ov Type        Size  Object(Section)

    RESET                                    0x00000000   Section      192  startup_lpc11xx.o(RESET)
    ../clib/microlib/cpp/cpp_init.c          0x00000000   Number         0  cpp_init.o ABSOLUTE
    ../clib/microlib/cpp/cpp_init.c          0x00000000   Number         0  cpp_init.o ABSOLUTE
    ../clib/microlib/division.c              0x00000000   Number         0  uidiv.o ABSOLUTE
    ../clib/microlib/errno.c                 0x00000000   Number         0  errno.o ABSOLUTE
    ../clib/microlib/init/entry.s            0x00000000   Number         0  entry2.o ABSOLUTE
    ../clib/microlib/init/entry.s            0x00000000   Number         0  entry5.o ABSOLUTE
    ../clib/microlib/init/entry.s            0x00000000   Number         0  entry7a.o ABSOLUTE
    ../clib/microlib/init/entry.s            0x00000000   Number         0  entry.o ABSOLUTE
    ../clib/microlib/init/entry.s            0x00000000   Number         0  entry8a.o ABSOLUTE
    ../clib/microlib/init/entry.s            0x00000000   Number         0  entry8b.o ABSOLUTE
    ../clib/microlib/init/entry.s            0x00000000   Number         0  entry9a.o ABSOLUTE
    ../clib/microlib/init/entry.s            0x00000000   Number         0  entry7b.o ABSOLUTE
    ../clib/microlib/init/entry.s            0x00000000   Number         0  entry9b.o ABSOLUTE
    ../clib/microlib/init/entry.s            0x00000000   Number         0  entry10a.o ABSOLUTE
    ../clib/microlib/init/entry.s            0x00000000   Number         0  entry11a.o ABSOLUTE
    ../clib/microlib/init/entry.s            0x00000000   Number         0  entry10b.o ABSOLUTE
    ../clib/microlib/init/entry.s            0x00000000   Number         0  entry11b.o ABSOLUTE
    ../clib/microlib/longlong.c              0x00000000   Number         0  llushr.o ABSOLUTE
    ../clib/microlib/longlong.c              0x00000000   Number         0  llsshr.o ABSOLUTE
    ../clib/microlib/longlong.c              0x00000000   Number         0  llshl.o ABSOLUTE
    ../clib/microlib/stubs.s                 0x00000000   Number         0  iusefp.o ABSOLUTE
    ../fplib/microlib/f2d.c                  0x00000000   Number         0  f2d.o ABSOLUTE
    ../fplib/microlib/fpadd.c                0x00000000   Number         0  fadd.o ABSOLUTE
    ../fplib/microlib/fpadd.c                0x00000000   Number         0  dadd.o ABSOLUTE
    ../fplib/microlib/fpdiv.c                0x00000000   Number         0  fdiv.o ABSOLUTE
    ../fplib/microlib/fpdiv.c                0x00000000   Number         0  ddiv.o ABSOLUTE
    ../fplib/microlib/fpepilogue.c           0x00000000   Number         0  fepilogue.o ABSOLUTE
    ../fplib/microlib/fpepilogue.c           0x00000000   Number         0  depilogue.o ABSOLUTE
    ../fplib/microlib/fpfix.c                0x00000000   Number         0  dfixui.o ABSOLUTE
    ../fplib/microlib/fpfix.c                0x00000000   Number         0  dfixi.o ABSOLUTE
    ../fplib/microlib/fpflt.c                0x00000000   Number         0  dfltui.o ABSOLUTE
    ../fplib/microlib/fpflt.c                0x00000000   Number         0  dflti.o ABSOLUTE
    ../fplib/microlib/fpflt.c                0x00000000   Number         0  ffltui.o ABSOLUTE
    ../fplib/microlib/fpflt.c                0x00000000   Number         0  fflti.o ABSOLUTE
    ../fplib/microlib/fpmul.c                0x00000000   Number         0  dmul.o ABSOLUTE
    ../fplib/microlib/fpmul.c                0x00000000   Number         0  fmul.o ABSOLUTE
    ../fplib/microlib/fprnd.c                0x00000000   Number         0  drnd.o ABSOLUTE
    ../fplib/microlib/fpscalb.c              0x00000000   Number         0  dscalb.o ABSOLUTE
    ../fplib/microlib/fpsqrt.c               0x00000000   Number         0  dsqrt.o ABSOLUTE
    ../mathlib/dunder.c                      0x00000000   Number         0  dunder.o ABSOLUTE
    ../mathlib/fpclassify.c                  0x00000000   Number         0  fpclassify.o ABSOLUTE
    ../mathlib/poly.c                        0x00000000   Number         0  poly.o ABSOLUTE
    ../mathlib/pow.c                         0x00000000   Number         0  pow_x.o ABSOLUTE
    ../mathlib/pow.c                         0x00000000   Number         0  pow.o ABSOLUTE
    ../mathlib/qnan.c                        0x00000000   Number         0  qnan.o ABSOLUTE
    ../mathlib/rint.c                        0x00000000   Number         0  rint.o ABSOLUTE
    ../mathlib/sqrt.c                        0x00000000   Number         0  sqrt_x.o ABSOLUTE
    ../mathlib/sqrt.c                        0x00000000   Number         0  sqrt.o ABSOLUTE
    Main.cpp                                 0x00000000   Number         0  main.o ABSOLUTE
    Main.cpp                                 0x00000000   Number         0  main.o ABSOLUTE
    WiFi.c                                   0x00000000   Number         0  wifi.o ABSOLUTE
    WiFi.c                                   0x00000000   Number         0  wifi.o ABSOLUTE
    cdcmple.s                                0x00000000   Number         0  cdcmple.o ABSOLUTE
    cdrcmple.s                               0x00000000   Number         0  cdrcmple.o ABSOLUTE
    cfcmple.s                                0x00000000   Number         0  cfcmple.o ABSOLUTE
    dc.s                                     0x00000000   Number         0  dc.o ABSOLUTE
    gpio.c                                   0x00000000   Number         0  gpio.o ABSOLUTE
    gpio.c                                   0x00000000   Number         0  gpio.o ABSOLUTE
    handlers.s                               0x00000000   Number         0  handlers.o ABSOLUTE
    init.s                                   0x00000000   Number         0  init.o ABSOLUTE
    startup_LPC11xx.s                        0x00000000   Number         0  startup_lpc11xx.o ABSOLUTE
    system_LPC11xx.c                         0x00000000   Number         0  system_lpc11xx.o ABSOLUTE
    system_LPC11xx.c                         0x00000000   Number         0  system_lpc11xx.o ABSOLUTE
    timer16.c                                0x00000000   Number         0  timer16.o ABSOLUTE
    timer16.c                                0x00000000   Number         0  timer16.o ABSOLUTE
    timer32.c                                0x00000000   Number         0  timer32.o ABSOLUTE
    timer32.c                                0x00000000   Number         0  timer32.o ABSOLUTE
    uart.c                                   0x00000000   Number         0  uart.o ABSOLUTE
    uart.c                                   0x00000000   Number         0  uart.o ABSOLUTE
    .ARM.Collect$$$$00000000                 0x000000c0   Section        0  entry.o(.ARM.Collect$$$$00000000)
    .ARM.Collect$$$$00000001                 0x000000c0   Section        4  entry2.o(.ARM.Collect$$$$00000001)
    .ARM.Collect$$$$00000004                 0x000000c4   Section        4  entry5.o(.ARM.Collect$$$$00000004)
    .ARM.Collect$$$$00000008                 0x000000c8   Section        0  entry7b.o(.ARM.Collect$$$$00000008)
    .ARM.Collect$$$$00000009                 0x000000c8   Section        4  entry8a.o(.ARM.Collect$$$$00000009)
    .ARM.Collect$$$$0000000A                 0x000000cc   Section        0  entry8b.o(.ARM.Collect$$$$0000000A)
    .ARM.Collect$$$$0000000B                 0x000000cc   Section        8  entry9a.o(.ARM.Collect$$$$0000000B)
    .ARM.Collect$$$$0000000D                 0x000000d4   Section        0  entry10a.o(.ARM.Collect$$$$0000000D)
    .ARM.Collect$$$$0000000F                 0x000000d4   Section        0  entry11a.o(.ARM.Collect$$$$0000000F)
    .ARM.Collect$$$$00002712                 0x000000d4   Section        4  entry2.o(.ARM.Collect$$$$00002712)
    __lit__00000000                          0x000000d4   Data           4  entry2.o(.ARM.Collect$$$$00002712)
    .text                                    0x000000d8   Section       28  startup_lpc11xx.o(.text)
    .text                                    0x000000f4   Section        0  uidiv.o(.text)
    .text                                    0x00000120   Section        0  cpp_init.o(.text)
    .text                                    0x00000140   Section        0  fadd.o(.text)
    .text                                    0x000001f2   Section        0  fmul.o(.text)
    .text                                    0x0000026c   Section        0  fdiv.o(.text)
    .text                                    0x000002e8   Section        0  ffltui.o(.text)
    .text                                    0x000002f6   Section        0  iusefp.o(.text)
    i._Z7OnErrors                            0x000002f6   Section        0  main.o(i._Z7OnErrors)
    i.__scatterload_null                     0x000002fa   Section        2  handlers.o(i.__scatterload_null)
    .ARM.__at_0x02FC                         0x000002fc   Section        4  startup_lpc11xx.o(.ARM.__at_0x02FC)
    .text                                    0x00000300   Section        0  dmul.o(.text)
    .text                                    0x000003d0   Section        0  fflti.o(.text)
    .text                                    0x000003e8   Section        0  dflti.o(.text)
    .text                                    0x00000410   Section        0  dfltui.o(.text)
    .text                                    0x0000042c   Section        0  dfixi.o(.text)
    .text                                    0x00000474   Section        0  dfixui.o(.text)
    .text                                    0x000004b0   Section        0  f2d.o(.text)
    .text                                    0x000004d8   Section       20  cfcmple.o(.text)
    .text                                    0x000004ec   Section        0  llshl.o(.text)
    .text                                    0x0000050c   Section        0  llushr.o(.text)
    .text                                    0x0000052e   Section        0  fepilogue.o(.text)
    .text                                    0x000005b0   Section        0  depilogue.o(.text)
    .text                                    0x00000670   Section        0  drnd.o(.text)
    .text                                    0x000006ec   Section       36  init.o(.text)
    i.BaudRateCalculator                     0x00000710   Section        0  uart.o(i.BaudRateCalculator)
    i.GPIOGetValue                           0x000007f0   Section        0  gpio.o(i.GPIOGetValue)
    i.GPIOInit                               0x00000808   Section        0  gpio.o(i.GPIOInit)
    i.GPIOSetDir                             0x0000088c   Section        0  gpio.o(i.GPIOSetDir)
    i.GPIOSetValue                           0x000008e0   Section        0  gpio.o(i.GPIOSetValue)
    i.NVIC_EnableIRQ                         0x000008fc   Section        0  timer32.o(i.NVIC_EnableIRQ)
    NVIC_EnableIRQ                           0x000008fd   Thumb Code    14  timer32.o(i.NVIC_EnableIRQ)
    i.SetCMDEcho                             0x00000910   Section        0  wifi.o(i.SetCMDEcho)
    i.SetWiFiMode                            0x000009d0   Section        0  wifi.o(i.SetWiFiMode)
    i.SetWiFi_COMM                           0x00000ab0   Section        0  wifi.o(i.SetWiFi_COMM)
    i.SystemCoreClockUpdate                  0x00000ba4   Section        0  system_lpc11xx.o(i.SystemCoreClockUpdate)
    i.SystemInit                             0x00000d5c   Section        0  system_lpc11xx.o(i.SystemInit)
    i.TIMER16_0_IRQHandler                   0x00000de4   Section        0  timer16.o(i.TIMER16_0_IRQHandler)
    i.TIMER16_1_IRQHandler                   0x00000dfc   Section        0  timer16.o(i.TIMER16_1_IRQHandler)
    i.TIMER32_0_IRQHandler                   0x00000e14   Section        0  timer32.o(i.TIMER32_0_IRQHandler)
    i.TIMER32_1_IRQHandler                   0x00000e58   Section        0  timer32.o(i.TIMER32_1_IRQHandler)
    i.UARTInit                               0x00000ec0   Section        0  uart.o(i.UARTInit)
    i.UARTSend                               0x00000fb0   Section        0  uart.o(i.UARTSend)
    i.UART_IRQHandler                        0x00000fd8   Section        0  uart.o(i.UART_IRQHandler)
    i.WiFiReset_HW                           0x000010a8   Section        0  wifi.o(i.WiFiReset_HW)
    i.WiFiWModeQuery                         0x000010cc   Section        0  wifi.o(i.WiFiWModeQuery)
    i._Z10BlueLED_Onv                        0x000011b8   Section        0  main.o(i._Z10BlueLED_Onv)
    i._Z11BlueLED_Offv                       0x000011c6   Section        0  main.o(i._Z11BlueLED_Offv)
    i._Z12TransmitSendPhi                    0x000011d4   Section        0  main.o(i._Z12TransmitSendPhi)
    i._Z13TransmitCrc16Phi                   0x00001200   Section        0  main.o(i._Z13TransmitCrc16Phi)
    i.__ARM_clz                              0x00001248   Section        0  depilogue.o(i.__ARM_clz)
    i.__ARM_common_switch8                   0x00001276   Section        0  system_lpc11xx.o(i.__ARM_common_switch8)
    i.__scatterload_copy                     0x00001292   Section       14  handlers.o(i.__scatterload_copy)
    i.__scatterload_zeroinit                 0x000012a0   Section       14  handlers.o(i.__scatterload_zeroinit)
    i.__sti___8_Main_cpp_72bbdd2e            0x000012b0   Section        0  main.o(i.__sti___8_Main_cpp_72bbdd2e)
    __sti___8_Main_cpp_72bbdd2e              0x000012b1   Thumb Code    12  main.o(i.__sti___8_Main_cpp_72bbdd2e)
    i.delay16Ms                              0x000012c4   Section        0  timer16.o(i.delay16Ms)
    i.enable_timer16                         0x00001374   Section        0  timer16.o(i.enable_timer16)
    i.enable_timer32                         0x00001390   Section        0  timer32.o(i.enable_timer32)
    i.init_timer16                           0x000013ac   Section        0  timer16.o(i.init_timer16)
    i.init_timer32                           0x0000145c   Section        0  timer32.o(i.init_timer32)
    i.main                                   0x000014ec   Section        0  main.o(i.main)
    i.reset_timer16                          0x0000183c   Section        0  timer16.o(i.reset_timer16)
    i.rint                                   0x00001868   Section        0  rint.o(i.rint)
    .constdata                               0x00001870   Section       16  gpio.o(.constdata)
    LPC_GPIO                                 0x00001870   Data          16  gpio.o(.constdata)
    .constdata                               0x00001880   Section      160  main.o(.constdata)
    sin50t_32                                0x00001880   Data         128  main.o(.constdata)
    crc_table                                0x00001900   Data          32  main.o(.constdata)
    .init_array                              0x00001940   Section        4  main.o(.init_array)
    .init_array                              0x00001944   Section        0  cpp_init.o(.init_array)
    .data                                    0x10000000   Section       24  timer32.o(.data)
    .data                                    0x10000018   Section       12  uart.o(.data)
    .data                                    0x10000024   Section       25  main.o(.data)
    .data                                    0x10000040   Section        4  system_lpc11xx.o(.data)
    .data                                    0x10000044   Section       24  timer16.o(.data)
    .bss                                     0x1000005c   Section      100  uart.o(.bss)
    .bss                                     0x100000c0   Section       44  wifi.o(.bss)
    .bss                                     0x100000ec   Section      776  main.o(.bss)
    STACK                                    0x100003f8   Section      512  startup_lpc11xx.o(STACK)

    Global Symbols

    Symbol Name                              Value     Ov Type        Size  Object(Section)

    BuildAttributes$$THM_ISAv3M$S$PE$A:L22$X:L11$S22$IEEE1$IW$USESV6$~STKCKD$USESV7$~SHL$OTIME$ROPI$IEEEX$EBA8$MICROLIB$REQ8$PRES8$EABIv2 0x00000000   Number         0  anon$$obj.o ABSOLUTE
    __ARM_use_no_argv                        0x00000000   Number         0  main.o ABSOLUTE
    __Vectors                                0x00000000   Data           4  startup_lpc11xx.o(RESET)
    __cxa_finalize                            - Undefined Weak Reference
    __decompress                              - Undefined Weak Reference
    _clock_init                               - Undefined Weak Reference
    _microlib_exit                            - Undefined Weak Reference
    __main                                   0x000000c1   Thumb Code     0  entry.o(.ARM.Collect$$$$00000000)
    _main_stk                                0x000000c1   Thumb Code     0  entry2.o(.ARM.Collect$$$$00000001)
    _main_scatterload                        0x000000c5   Thumb Code     0  entry5.o(.ARM.Collect$$$$00000004)
    __main_after_scatterload                 0x000000c9   Thumb Code     0  entry5.o(.ARM.Collect$$$$00000004)
    _main_clock                              0x000000c9   Thumb Code     0  entry7b.o(.ARM.Collect$$$$00000008)
    _main_cpp_init$empty                     0x000000c9   Thumb Code     0  entry8a.o(.ARM.Collect$$$$00000009)
    _main_cpp_init                           0x000000cd   Thumb Code     0  entry8b.o(.ARM.Collect$$$$0000000A)
    _main_init                               0x000000cd   Thumb Code     0  entry9a.o(.ARM.Collect$$$$0000000B)
    __rt_final_cpp                           0x000000d5   Thumb Code     0  entry10a.o(.ARM.Collect$$$$0000000D)
    __rt_final_exit                          0x000000d5   Thumb Code     0  entry11a.o(.ARM.Collect$$$$0000000F)
    Reset_Handler                            0x000000d9   Thumb Code     8  startup_lpc11xx.o(.text)
    NMI_Handler                              0x000000e1   Thumb Code     2  startup_lpc11xx.o(.text)
    HardFault_Handler                        0x000000e3   Thumb Code     2  startup_lpc11xx.o(.text)
    SVC_Handler                              0x000000e5   Thumb Code     2  startup_lpc11xx.o(.text)
    PendSV_Handler                           0x000000e7   Thumb Code     2  startup_lpc11xx.o(.text)
    SysTick_Handler                          0x000000e9   Thumb Code     2  startup_lpc11xx.o(.text)
    ADC_IRQHandler                           0x000000eb   Thumb Code     0  startup_lpc11xx.o(.text)
    BOD_IRQHandler                           0x000000eb   Thumb Code     0  startup_lpc11xx.o(.text)
    CAN_IRQHandler                           0x000000eb   Thumb Code     0  startup_lpc11xx.o(.text)
    FMC_IRQHandler                           0x000000eb   Thumb Code     0  startup_lpc11xx.o(.text)
    I2C_IRQHandler                           0x000000eb   Thumb Code     0  startup_lpc11xx.o(.text)
    PIOINT0_IRQHandler                       0x000000eb   Thumb Code     0  startup_lpc11xx.o(.text)
    PIOINT1_IRQHandler                       0x000000eb   Thumb Code     0  startup_lpc11xx.o(.text)
    PIOINT2_IRQHandler                       0x000000eb   Thumb Code     0  startup_lpc11xx.o(.text)
    PIOINT3_IRQHandler                       0x000000eb   Thumb Code     0  startup_lpc11xx.o(.text)
    SSP0_IRQHandler                          0x000000eb   Thumb Code     0  startup_lpc11xx.o(.text)
    SSP1_IRQHandler                          0x000000eb   Thumb Code     0  startup_lpc11xx.o(.text)
    USB_FIQHandler                           0x000000eb   Thumb Code     0  startup_lpc11xx.o(.text)
    USB_IRQHandler                           0x000000eb   Thumb Code     0  startup_lpc11xx.o(.text)
    WAKEUP_IRQHandler                        0x000000eb   Thumb Code     0  startup_lpc11xx.o(.text)
    WDT_IRQHandler                           0x000000eb   Thumb Code     0  startup_lpc11xx.o(.text)
    __aeabi_uidiv                            0x000000f5   Thumb Code     0  uidiv.o(.text)
    __aeabi_uidivmod                         0x000000f5   Thumb Code    44  uidiv.o(.text)
    __cpp_initialize__aeabi_                 0x00000121   Thumb Code    22  cpp_init.o(.text)
    __aeabi_fadd                             0x00000141   Thumb Code   162  fadd.o(.text)
    __aeabi_fsub                             0x000001e3   Thumb Code     8  fadd.o(.text)
    __aeabi_frsub                            0x000001eb   Thumb Code     8  fadd.o(.text)
    __aeabi_fmul                             0x000001f3   Thumb Code   122  fmul.o(.text)
    __aeabi_fdiv                             0x0000026d   Thumb Code   124  fdiv.o(.text)
    __aeabi_ui2f                             0x000002e9   Thumb Code    14  ffltui.o(.text)
    OnError(short)                           0x000002f7   Thumb Code     4  main.o(i._Z7OnErrors)
    __I$use$fp                               0x000002f7   Thumb Code     0  iusefp.o(.text)
    __scatterload_null                       0x000002fb   Thumb Code     2  handlers.o(i.__scatterload_null)
    __aeabi_dmul                             0x00000301   Thumb Code   202  dmul.o(.text)
    __aeabi_i2f                              0x000003d1   Thumb Code    22  fflti.o(.text)
    __aeabi_i2d                              0x000003e9   Thumb Code    34  dflti.o(.text)
    __aeabi_ui2d                             0x00000411   Thumb Code    24  dfltui.o(.text)
    __aeabi_d2iz                             0x0000042d   Thumb Code    62  dfixi.o(.text)
    __aeabi_d2uiz                            0x00000475   Thumb Code    50  dfixui.o(.text)
    __aeabi_f2d                              0x000004b1   Thumb Code    40  f2d.o(.text)
    __aeabi_cfcmpeq                          0x000004d9   Thumb Code     0  cfcmple.o(.text)
    __aeabi_cfcmple                          0x000004d9   Thumb Code    20  cfcmple.o(.text)
    __aeabi_llsl                             0x000004ed   Thumb Code    32  llshl.o(.text)
    _ll_shift_l                              0x000004ed   Thumb Code     0  llshl.o(.text)
    __aeabi_llsr                             0x0000050d   Thumb Code    34  llushr.o(.text)
    _ll_ushift_r                             0x0000050d   Thumb Code     0  llushr.o(.text)
    _float_round                             0x0000052f   Thumb Code    16  fepilogue.o(.text)
    _float_epilogue                          0x0000053f   Thumb Code   114  fepilogue.o(.text)
    _double_round                            0x000005b1   Thumb Code    26  depilogue.o(.text)
    _double_epilogue                         0x000005cb   Thumb Code   164  depilogue.o(.text)
    _drnd                                    0x00000671   Thumb Code   114  drnd.o(.text)
    __scatterload                            0x000006ed   Thumb Code    28  init.o(.text)
    __scatterload_rt2                        0x000006ed   Thumb Code     0  init.o(.text)
    BaudRateCalculator                       0x00000711   Thumb Code   222  uart.o(i.BaudRateCalculator)
    GPIOGetValue                             0x000007f1   Thumb Code    18  gpio.o(i.GPIOGetValue)
    GPIOInit                                 0x00000809   Thumb Code   122  gpio.o(i.GPIOInit)
    GPIOSetDir                               0x0000088d   Thumb Code    78  gpio.o(i.GPIOSetDir)
    GPIOSetValue                             0x000008e1   Thumb Code    22  gpio.o(i.GPIOSetValue)
    SetCMDEcho                               0x00000911   Thumb Code   180  wifi.o(i.SetCMDEcho)
    SetWiFiMode                              0x000009d1   Thumb Code   212  wifi.o(i.SetWiFiMode)
    SetWiFi_COMM                             0x00000ab1   Thumb Code   230  wifi.o(i.SetWiFi_COMM)
    SystemCoreClockUpdate                    0x00000ba5   Thumb Code   368  system_lpc11xx.o(i.SystemCoreClockUpdate)
    SystemInit                               0x00000d5d   Thumb Code   126  system_lpc11xx.o(i.SystemInit)
    TIMER16_0_IRQHandler                     0x00000de5   Thumb Code    20  timer16.o(i.TIMER16_0_IRQHandler)
    TIMER16_1_IRQHandler                     0x00000dfd   Thumb Code    20  timer16.o(i.TIMER16_1_IRQHandler)
    TIMER32_0_IRQHandler                     0x00000e15   Thumb Code    48  timer32.o(i.TIMER32_0_IRQHandler)
    TIMER32_1_IRQHandler                     0x00000e59   Thumb Code    80  timer32.o(i.TIMER32_1_IRQHandler)
    UARTInit                                 0x00000ec1   Thumb Code   216  uart.o(i.UARTInit)
    UARTSend                                 0x00000fb1   Thumb Code    36  uart.o(i.UARTSend)
    UART_IRQHandler                          0x00000fd9   Thumb Code   186  uart.o(i.UART_IRQHandler)
    WiFiReset_HW                             0x000010a9   Thumb Code    34  wifi.o(i.WiFiReset_HW)
    WiFiWModeQuery                           0x000010cd   Thumb Code   222  wifi.o(i.WiFiWModeQuery)
    BlueLED_On()                             0x000011b9   Thumb Code    14  main.o(i._Z10BlueLED_Onv)
    BlueLED_Off()                            0x000011c7   Thumb Code    14  main.o(i._Z11BlueLED_Offv)
    TransmitSend(unsigned char*, int)        0x000011d5   Thumb Code    42  main.o(i._Z12TransmitSendPhi)
    TransmitCrc16(unsigned char*, int)       0x00001201   Thumb Code    68  main.o(i._Z13TransmitCrc16Phi)
    __ARM_clz                                0x00001249   Thumb Code    46  depilogue.o(i.__ARM_clz)
    __ARM_common_switch8                     0x00001277   Thumb Code    28  system_lpc11xx.o(i.__ARM_common_switch8)
    __scatterload_copy                       0x00001293   Thumb Code    14  handlers.o(i.__scatterload_copy)
    __scatterload_zeroinit                   0x000012a1   Thumb Code    14  handlers.o(i.__scatterload_zeroinit)
    delay16Ms                                0x000012c5   Thumb Code   162  timer16.o(i.delay16Ms)
    enable_timer16                           0x00001375   Thumb Code    20  timer16.o(i.enable_timer16)
    enable_timer32                           0x00001391   Thumb Code    20  timer32.o(i.enable_timer32)
    init_timer16                             0x000013ad   Thumb Code   148  timer16.o(i.init_timer16)
    init_timer32                             0x0000145d   Thumb Code   116  timer32.o(i.init_timer32)
    main                                     0x000014ed   Thumb Code   788  main.o(i.main)
    reset_timer16                            0x0000183d   Thumb Code    34  timer16.o(i.reset_timer16)
    rint                                     0x00001869   Thumb Code     8  rint.o(i.rint)
    Region$$Table$$Base                      0x00001920   Number         0  anon$$obj.o(Region$$Table)
    Region$$Table$$Limit                     0x00001940   Number         0  anon$$obj.o(Region$$Table)
    SHT$$INIT_ARRAY$$Base                    0x00001940   Number         0  main.o(.init_array)
    SHT$$INIT_ARRAY$$Limit                   0x00001944   Number         0  cpp_init.o(.init_array)
    timer32_0_counter                        0x10000000   Data           4  timer32.o(.data)
    timer32_1_counter                        0x10000004   Data           4  timer32.o(.data)
    timer32_0_capture                        0x10000008   Data           4  timer32.o(.data)
    timer32_1_capture                        0x1000000c   Data           4  timer32.o(.data)
    timer32_0_period                         0x10000010   Data           4  timer32.o(.data)
    timer32_1_period                         0x10000014   Data           4  timer32.o(.data)
    UARTStatus                               0x10000018   Data           4  uart.o(.data)
    UARTTxEmpty                              0x1000001c   Data           1  uart.o(.data)
    UARTCount                                0x10000020   Data           4  uart.o(.data)
    SizeofMagAMPBuff                         0x10000024   Data           2  main.o(.data)
    SizeofCapTCBuff                          0x10000026   Data           2  main.o(.data)
    SamplesPerPeriod                         0x10000028   Data           2  main.o(.data)
    Indicator_X1                             0x1000002c   Data           4  main.o(.data)
    MagAMP                                   0x10000030   Data           4  main.o(.data)
    MagAMPBuff_Index                         0x10000034   Data           2  main.o(.data)
    IndicatorBufIndex                        0x10000036   Data           2  main.o(.data)
    timer32_1_cap_cnt                        0x10000038   Data           4  main.o(.data)
    Timer32_1_cap_cnt_tc_en                  0x1000003c   Data           1  main.o(.data)
    SystemCoreClock                          0x10000040   Data           4  system_lpc11xx.o(.data)
    timer16_0_counter                        0x10000044   Data           4  timer16.o(.data)
    timer16_1_counter                        0x10000048   Data           4  timer16.o(.data)
    timer16_0_capture                        0x1000004c   Data           4  timer16.o(.data)
    timer16_1_capture                        0x10000050   Data           4  timer16.o(.data)
    timer16_0_period                         0x10000054   Data           4  timer16.o(.data)
    timer16_1_period                         0x10000058   Data           4  timer16.o(.data)
    UARTBuffer                               0x1000005c   Data         100  uart.o(.bss)
    WiFi_TxBuf                               0x100000c0   Data          32  wifi.o(.bss)
    WiFi_MAC                                 0x100000e0   Data          12  wifi.o(.bss)
    Cap_TC_Buff                              0x100000ec   Data         260  main.o(.bss)
    Cap_CNT_Buff                             0x100001f0   Data         260  main.o(.bss)
    MagAMPBuff                               0x100002f4   Data         256  main.o(.bss)
    __initial_sp                             0x100005f8   Data           0  startup_lpc11xx.o(STACK)



==============================================================================

Memory Map of the image

  Image Entry point : 0x000000c1

  Load Region LR_IROM1 (Base: 0x00000000, Size: 0x000019a0, Max: 0x00004000, ABSOLUTE)

    Execution Region ER_IROM1 (Base: 0x00000000, Size: 0x00001944, Max: 0x00004000, ABSOLUTE)

    Base Addr    Size         Type   Attr      Idx    E Section Name        Object

    0x00000000   0x000000c0   Data   RO            3    RESET               startup_lpc11xx.o
    0x000000c0   0x00000000   Code   RO          840  * .ARM.Collect$$$$00000000  mc_p.l(entry.o)
    0x000000c0   0x00000004   Code   RO          903    .ARM.Collect$$$$00000001  mc_p.l(entry2.o)
    0x000000c4   0x00000004   Code   RO          906    .ARM.Collect$$$$00000004  mc_p.l(entry5.o)
    0x000000c8   0x00000000   Code   RO          908    .ARM.Collect$$$$00000008  mc_p.l(entry7b.o)
    0x000000c8   0x00000004   Code   RO          909    .ARM.Collect$$$$00000009  mc_p.l(entry8a.o)
    0x000000cc   0x00000000   Code   RO          910    .ARM.Collect$$$$0000000A  mc_p.l(entry8b.o)
    0x000000cc   0x00000008   Code   RO          911    .ARM.Collect$$$$0000000B  mc_p.l(entry9a.o)
    0x000000d4   0x00000000   Code   RO          913    .ARM.Collect$$$$0000000D  mc_p.l(entry10a.o)
    0x000000d4   0x00000000   Code   RO          915    .ARM.Collect$$$$0000000F  mc_p.l(entry11a.o)
    0x000000d4   0x00000004   Code   RO          904    .ARM.Collect$$$$00002712  mc_p.l(entry2.o)
    0x000000d8   0x0000001c   Code   RO            5    .text               startup_lpc11xx.o
    0x000000f4   0x0000002c   Code   RO          843    .text               mc_p.l(uidiv.o)
    0x00000120   0x00000020   Code   RO          848    .text               mc_p.l(cpp_init.o)
    0x00000140   0x000000b2   Code   RO          850    .text               mf_p.l(fadd.o)
    0x000001f2   0x0000007a   Code   RO          852    .text               mf_p.l(fmul.o)
    0x0000026c   0x0000007c   Code   RO          854    .text               mf_p.l(fdiv.o)
    0x000002e8   0x0000000e   Code   RO          862    .text               mf_p.l(ffltui.o)
    0x000002f6   0x00000000   Code   RO          930    .text               mc_p.l(iusefp.o)
    0x000002f6   0x00000004   Code   RO          395    i._Z7OnErrors       main.o
    0x000002fa   0x00000002   Code   RO          954    i.__scatterload_null  mc_p.l(handlers.o)
    0x000002fc   0x00000004   Code   RO            4    .ARM.__at_0x02FC    startup_lpc11xx.o
    0x00000300   0x000000d0   Code   RO          858    .text               mf_p.l(dmul.o)
    0x000003d0   0x00000016   Code   RO          860    .text               mf_p.l(fflti.o)
    0x000003e6   0x00000002   PAD
    0x000003e8   0x00000028   Code   RO          864    .text               mf_p.l(dflti.o)
    0x00000410   0x0000001c   Code   RO          866    .text               mf_p.l(dfltui.o)
    0x0000042c   0x00000048   Code   RO          868    .text               mf_p.l(dfixi.o)
    0x00000474   0x0000003c   Code   RO          870    .text               mf_p.l(dfixui.o)
    0x000004b0   0x00000028   Code   RO          872    .text               mf_p.l(f2d.o)
    0x000004d8   0x00000014   Code   RO          874    .text               mf_p.l(cfcmple.o)
    0x000004ec   0x00000020   Code   RO          917    .text               mc_p.l(llshl.o)
    0x0000050c   0x00000022   Code   RO          919    .text               mc_p.l(llushr.o)
    0x0000052e   0x00000082   Code   RO          931    .text               mf_p.l(fepilogue.o)
    0x000005b0   0x000000be   Code   RO          933    .text               mf_p.l(depilogue.o)
    0x0000066e   0x00000002   PAD
    0x00000670   0x0000007c   Code   RO          941    .text               mf_p.l(drnd.o)
    0x000006ec   0x00000024   Code   RO          945    .text               mc_p.l(init.o)
    0x00000710   0x000000de   Code   RO          224    i.BaudRateCalculator  uart.o
    0x000007ee   0x00000002   PAD
    0x000007f0   0x00000018   Code   RO           19    i.GPIOGetValue      gpio.o
    0x00000808   0x00000084   Code   RO           20    i.GPIOInit          gpio.o
    0x0000088c   0x00000054   Code   RO           25    i.GPIOSetDir        gpio.o
    0x000008e0   0x0000001c   Code   RO           27    i.GPIOSetValue      gpio.o
    0x000008fc   0x00000014   Code   RO          134    i.NVIC_EnableIRQ    timer32.o
    0x00000910   0x000000c0   Code   RO          286    i.SetCMDEcho        wifi.o
    0x000009d0   0x000000e0   Code   RO          287    i.SetWiFiMode       wifi.o
    0x00000ab0   0x000000f4   Code   RO          288    i.SetWiFi_COMM      wifi.o
    0x00000ba4   0x000001b8   Code   RO          719    i.SystemCoreClockUpdate  system_lpc11xx.o
    0x00000d5c   0x00000088   Code   RO          720    i.SystemInit        system_lpc11xx.o
    0x00000de4   0x00000018   Code   RO          756    i.TIMER16_0_IRQHandler  timer16.o
    0x00000dfc   0x00000018   Code   RO          757    i.TIMER16_1_IRQHandler  timer16.o
    0x00000e14   0x00000044   Code   RO          135    i.TIMER32_0_IRQHandler  timer32.o
    0x00000e58   0x00000068   Code   RO          136    i.TIMER32_1_IRQHandler  timer32.o
    0x00000ec0   0x000000f0   Code   RO          225    i.UARTInit          uart.o
    0x00000fb0   0x00000028   Code   RO          226    i.UARTSend          uart.o
    0x00000fd8   0x000000d0   Code   RO          228    i.UART_IRQHandler   uart.o
    0x000010a8   0x00000022   Code   RO          291    i.WiFiReset_HW      wifi.o
    0x000010ca   0x00000002   PAD
    0x000010cc   0x000000ec   Code   RO          293    i.WiFiWModeQuery    wifi.o
    0x000011b8   0x0000000e   Code   RO          386    i._Z10BlueLED_Onv   main.o
    0x000011c6   0x0000000e   Code   RO          388    i._Z11BlueLED_Offv  main.o
    0x000011d4   0x0000002a   Code   RO          391    i._Z12TransmitSendPhi  main.o
    0x000011fe   0x00000002   PAD
    0x00001200   0x00000048   Code   RO          392    i._Z13TransmitCrc16Phi  main.o
    0x00001248   0x0000002e   Code   RO          935    i.__ARM_clz         mf_p.l(depilogue.o)
    0x00001276   0x0000001c   Code   RO          746    i.__ARM_common_switch8  system_lpc11xx.o
    0x00001292   0x0000000e   Code   RO          953    i.__scatterload_copy  mc_p.l(handlers.o)
    0x000012a0   0x0000000e   Code   RO          955    i.__scatterload_zeroinit  mc_p.l(handlers.o)
    0x000012ae   0x00000002   PAD
    0x000012b0   0x00000014   Code   RO          398    i.__sti___8_Main_cpp_72bbdd2e  main.o
    0x000012c4   0x000000b0   Code   RO          758    i.delay16Ms         timer16.o
    0x00001374   0x0000001c   Code   RO          760    i.enable_timer16    timer16.o
    0x00001390   0x0000001c   Code   RO          139    i.enable_timer32    timer32.o
    0x000013ac   0x000000b0   Code   RO          761    i.init_timer16      timer16.o
    0x0000145c   0x00000090   Code   RO          140    i.init_timer32      timer32.o
    0x000014ec   0x00000350   Code   RO          399    i.main              main.o
    0x0000183c   0x0000002c   Code   RO          763    i.reset_timer16     timer16.o
    0x00001868   0x00000008   Code   RO          838    i.rint              m_ps.l(rint.o)
    0x00001870   0x00000010   Data   RO           28    .constdata          gpio.o
    0x00001880   0x000000a0   Data   RO          415    .constdata          main.o
    0x00001920   0x00000020   Data   RO          951    Region$$Table       anon$$obj.o
    0x00001940   0x00000004   Data   RO          417    .init_array         main.o
    0x00001944   0x00000000   Data   RO          846    .init_array         mc_p.l(cpp_init.o)


    Execution Region RW_IRAM1 (Base: 0x10000000, Size: 0x000005f8, Max: 0x00001000, ABSOLUTE)

    Base Addr    Size         Type   Attr      Idx    E Section Name        Object

    0x10000000   0x00000018   Data   RW          146    .data               timer32.o
    0x10000018   0x0000000c   Data   RW          230    .data               uart.o
    0x10000024   0x00000019   Data   RW          416    .data               main.o
    0x1000003d   0x00000003   PAD
    0x10000040   0x00000004   Data   RW          721    .data               system_lpc11xx.o
    0x10000044   0x00000018   Data   RW          765    .data               timer16.o
    0x1000005c   0x00000064   Zero   RW          229    .bss                uart.o
    0x100000c0   0x0000002c   Zero   RW          295    .bss                wifi.o
    0x100000ec   0x00000308   Zero   RW          414    .bss                main.o
    0x100003f4   0x00000004   PAD
    0x100003f8   0x00000200   Zero   RW            1    STACK               startup_lpc11xx.o


==============================================================================

Image component sizes


      Code (inc. data)   RO Data    RW Data    ZI Data      Debug   Object Name

       268         28         16          0          0      15764   gpio.o
      1014         72        164         25        776      11286   main.o
        32         12        192          0        512        868   startup_lpc11xx.o
       604        100          0          4          0       2663   system_lpc11xx.o
       472         68          0         24          0       4026   timer16.o
       364         86          0         24          0       9546   timer32.o
       710         50          0         12        100       9731   uart.o
       930         52          0          0         44       4371   wifi.o

    ----------------------------------------------------------------------
      4400        468        404         92       1436      58255   Object Totals
         0          0         32          0          0          0   (incl. Generated)
         6          0          0          3          4          0   (incl. Padding)

    ----------------------------------------------------------------------

      Code (inc. data)   RO Data    RW Data    ZI Data      Debug   Library Member Name

         8          0          0          0          0         68   rint.o
        32         10          0          0          0         72   cpp_init.o
         0          0          0          0          0          0   entry.o
         0          0          0          0          0          0   entry10a.o
         0          0          0          0          0          0   entry11a.o
         8          4          0          0          0          0   entry2.o
         4          0          0          0          0          0   entry5.o
         0          0          0          0          0          0   entry7b.o
         4          0          0          0          0          0   entry8a.o
         0          0          0          0          0          0   entry8b.o
         8          4          0          0          0          0   entry9a.o
        30          0          0          0          0          0   handlers.o
        36          8          0          0          0         68   init.o
         0          0          0          0          0          0   iusefp.o
        32          0          0          0          0         68   llshl.o
        34          0          0          0          0         68   llushr.o
        44          0          0          0          0         72   uidiv.o
        20          0          0          0          0         68   cfcmple.o
       236          0          0          0          0        216   depilogue.o
        72         10          0          0          0         72   dfixi.o
        60         10          0          0          0         68   dfixui.o
        40          6          0          0          0         68   dflti.o
        28          4          0          0          0         68   dfltui.o
       208          6          0          0          0         88   dmul.o
       124         10          0          0          0         76   drnd.o
        40          0          0          0          0         60   f2d.o
       178          0          0          0          0        108   fadd.o
       124          0          0          0          0         72   fdiv.o
       130          0          0          0          0        144   fepilogue.o
        22          0          0          0          0         68   fflti.o
        14          0          0          0          0         68   ffltui.o
       122          0          0          0          0         72   fmul.o

    ----------------------------------------------------------------------
      1664         72          0          0          0       1732   Library Totals
         6          0          0          0          0          0   (incl. Padding)

    ----------------------------------------------------------------------

      Code (inc. data)   RO Data    RW Data    ZI Data      Debug   Library Name

         8          0          0          0          0         68   m_ps.l
       232         26          0          0          0        348   mc_p.l
      1418         46          0          0          0       1316   mf_p.l

    ----------------------------------------------------------------------
      1664         72          0          0          0       1732   Library Totals

    ----------------------------------------------------------------------

==============================================================================


      Code (inc. data)   RO Data    RW Data    ZI Data      Debug   

      6064        540        404         92       1436      57887   Grand Totals
      6064        540        404         92       1436      57887   ELF Image Totals
      6064        540        404         92          0          0   ROM Totals

==============================================================================

    Total RO  Size (Code + RO Data)                 6468 (   6.32kB)
    Total RW  Size (RW Data + ZI Data)              1528 (   1.49kB)
    Total ROM Size (Code + RO Data + RW Data)       6560 (   6.41kB)

==============================================================================

